// Jest Snapshot v1, https://goo.gl/fbAQLP

exports[`Component: BasketItem should render correctly 1`] = `
<div>
  <li
    class="basket-item"
  >
    <div
      class="basket-item__img"
    >
      <picture>
        <source
          srcset="/, /"
          type="image/webp"
        />
        <img
          alt="Name"
          height="120"
          src="/"
          srcset="/"
          width="140"
        />
      </picture>
    </div>
    <div
      class="basket-item__description"
    >
      <p
        class="basket-item__title"
      >
        Name
      </p>
      <ul
        class="basket-item__list"
      >
        <li
          class="basket-item__list-item"
        >
          <span
            class="basket-item__article"
          >
            Артикул: 
          </span>
          <span
            class="basket-item__number"
          >
            VendorCode
          </span>
        </li>
        <li
          class="basket-item__list-item"
        >
          type фотокамера
        </li>
        <li
          class="basket-item__list-item"
        >
          level уровень
        </li>
      </ul>
    </div>
    <p
      class="basket-item__price"
    >
      <span
        class="visually-hidden"
      >
        Цена:
      </span>
      5000
       ₽
    </p>
    <div
      class="quantity"
    >
      <button
        aria-label="уменьшить количество товара"
        class="btn-icon btn-icon--prev"
      >
        <svg
          aria-hidden="true"
          height="12"
          width="7"
        >
          <use
            xlink:href="#icon-arrow"
          />
        </svg>
      </button>
      <label
        class="visually-hidden"
        for="counter1"
      />
      <input
        aria-label="количество товара"
        id="counter1"
        max="99"
        min="1"
        type="number"
        value="1"
      />
      <button
        aria-label="увеличить количество товара"
        class="btn-icon btn-icon--next"
      >
        <svg
          aria-hidden="true"
          height="12"
          width="7"
        >
          <use
            xlink:href="#icon-arrow"
          />
        </svg>
      </button>
    </div>
    <div
      class="basket-item__total-price"
    >
      <span
        class="visually-hidden"
      >
        Общая цена:
      </span>
      5000
       ₽
    </div>
    <button
      aria-label="Удалить товар"
      class="cross-btn"
      type="button"
    >
      <svg
        aria-hidden="true"
        height="10"
        width="10"
      >
        <use
          xlink:href="#icon-close"
        />
      </svg>
    </button>
  </li>
</div>
`;
