// Jest Snapshot v1, https://goo.gl/fbAQLP

exports[`Component: BasketPage should render correctly 1`] = `
<div>
  <header
    class="header"
    id="header"
  >
    <div
      class="container"
    >
      <a
        aria-label="Переход на главную"
        class="header__logo"
        href="/"
      >
        <img
          alt="logo"
          height="36"
          src="/img/sprite/icon-logo.svg"
          width="100"
        />
      </a>
      <nav
        class="main-nav header__main-nav"
      >
        <ul
          class="main-nav__list"
        >
          <li
            class="main-nav__item"
          >
            <a
              class="main-nav__link"
              href="/"
            >
              Каталог
            </a>
          </li>
          <li
            class="main-nav__item"
          >
            <a
              class="main-nav__link"
              href="/"
            >
              Гарантии
            </a>
          </li>
          <li
            class="main-nav__item"
          >
            <a
              class="main-nav__link"
              href="/"
            >
              Доставка
            </a>
          </li>
          <li
            class="main-nav__item"
          >
            <a
              class="main-nav__link"
              href="/"
            >
              О компании
            </a>
          </li>
        </ul>
      </nav>
      <div
        class="form-search "
      >
        <form>
          <label>
            <svg
              aria-hidden="true"
              class="form-search__icon"
              height="16"
              width="16"
            >
              <use
                xlink:href="#icon-lens"
              />
            </svg>
            <input
              autocomplete="off"
              class="form-search__input"
              placeholder="Поиск по сайту"
              type="text"
              value=""
            />
          </label>
          <ul
            class="form-search__select-list"
          />
        </form>
        <button
          class="form-search__reset"
          type="reset"
        >
          <svg
            aria-hidden="true"
            height="10"
            width="10"
          >
            <use
              xlink:href="#icon-close"
            />
          </svg>
          <span
            class="visually-hidden"
          >
            Сбросить поиск
          </span>
        </button>
      </div>
      <a
        class="header__basket-link"
        href="/basket"
      >
        <svg
          aria-hidden="true"
          height="16"
          width="16"
        >
          <use
            xlink:href="#icon-basket"
          />
        </svg>
      </a>
    </div>
  </header>
  <main>
    <div
      class="page-content"
    >
      <div
        class="breadcrumbs"
      >
        <div
          class="container"
        >
          <ul
            class="breadcrumbs__list"
          >
            <li
              class="breadcrumbs__item"
            >
              <a
                class="breadcrumbs__link"
                href="/"
              >
                Главная
                <svg
                  aria-hidden="true"
                  height="8"
                  width="5"
                >
                  <use
                    xlink:href="#icon-arrow-mini"
                  />
                </svg>
              </a>
            </li>
            <li
              class="breadcrumbs__item"
            >
              <span
                class="breadcrumbs__link breadcrumbs__link--active"
              >
                Корзина
              </span>
            </li>
          </ul>
        </div>
      </div>
      <section
        class="basket"
      >
        <div
          class="container"
        >
          <h1
            class="title title--h2"
          >
            Корзина
          </h1>
          <ul
            class="basket__list"
          />
          <div
            class="basket__summary"
          >
            <div
              class="basket__promo"
            >
              <p
                class="title title--h4"
              >
                Если у вас есть промокод на скидку, примените его в этом поле
              </p>
              <div
                class="basket-form"
              >
                <form
                  action="#"
                >
                  <div
                    class="custom-input  "
                  >
                    <label>
                      <span
                        class="custom-input__label"
                      >
                        Промокод
                      </span>
                      <input
                        name="promo"
                        placeholder="Введите промокод"
                        type="text"
                        value=""
                      />
                    </label>
                    <p
                      class="custom-input__error"
                    >
                      Промокод неверный
                    </p>
                    <p
                      class="custom-input__success"
                    >
                      Промокод принят!
                    </p>
                  </div>
                  <button
                    class="btn"
                    type="submit"
                  >
                    Применить
                  </button>
                </form>
              </div>
            </div>
            <div
              class="basket__summary-order"
            >
              <p
                class="basket__summary-item"
              >
                <span
                  class="basket__summary-text"
                >
                  Всего:
                </span>
                <span
                  class="basket__summary-value"
                >
                  0
                   ₽
                </span>
              </p>
              <p
                class="basket__summary-item"
              >
                <span
                  class="basket__summary-text"
                >
                  Скидка:
                </span>
                <span
                  class="basket__summary-value "
                >
                  0
                   ₽
                </span>
              </p>
              <p
                class="basket__summary-item"
              >
                <span
                  class="basket__summary-text basket__summary-text--total"
                >
                  К оплате:
                </span>
                <span
                  class="basket__summary-value basket__summary-value--total"
                >
                  0
                   ₽
                </span>
              </p>
              <button
                class="btn btn--purple"
              >
                Оформить заказ
              </button>
            </div>
          </div>
        </div>
      </section>
    </div>
  </main>
  <footer
    class="footer"
  >
    <div
      class="container"
    >
      <div
        class="footer__info"
      >
        <a
          aria-label="Переход на главную"
          class="footer__logo"
          href="index.html"
        >
          <svg
            aria-hidden="true"
            height="36"
            width="100"
          >
            <use
              xlink:href="#icon-logo-mono"
            />
          </svg>
        </a>
        <p
          class="footer__description"
        >
          Интернет-магазин фото- и видеотехники
        </p>
        <ul
          class="social"
        >
          <li
            class="social__item"
          >
            <a
              aria-label="Переход на страницу вконтатке"
              class="link"
              href="/"
            >
              <svg
                aria-hidden="true"
                height="20"
                width="20"
              >
                <use
                  xlink:href="#icon-vk"
                />
              </svg>
            </a>
          </li>
          <li
            class="social__item"
          >
            <a
              aria-label="Переход на страницу pinterest"
              class="link"
              href="/"
            >
              <svg
                aria-hidden="true"
                height="20"
                width="20"
              >
                <use
                  xlink:href="#icon-pinterest"
                />
              </svg>
            </a>
          </li>
          <li
            class="social__item"
          >
            <a
              aria-label="Переход на страницу reddit"
              class="link"
              href="/"
            >
              <svg
                aria-hidden="true"
                height="20"
                width="20"
              >
                <use
                  xlink:href="#icon-reddit"
                />
              </svg>
            </a>
          </li>
        </ul>
      </div>
      <ul
        class="footer__nav"
      >
        <li
          class="footer__nav-item"
        >
          <p
            class="footer__title"
          >
            Навигация
          </p>
          <ul
            class="footer__list"
          >
            <li
              class="footer__item"
            >
              <a
                class="link"
                href="/"
              >
                Каталог
              </a>
            </li>
            <li
              class="footer__item"
            >
              <a
                class="link"
                href="/"
              >
                Гарантии
              </a>
            </li>
            <li
              class="footer__item"
            >
              <a
                class="link"
                href="/"
              >
                Доставка
              </a>
            </li>
            <li
              class="footer__item"
            >
              <a
                class="link"
                href="/"
              >
                О компании
              </a>
            </li>
          </ul>
        </li>
        <li
          class="footer__nav-item"
        >
          <p
            class="footer__title"
          >
            Ресурсы
          </p>
          <ul
            class="footer__list"
          >
            <li
              class="footer__item"
            >
              <a
                class="link"
                href="/"
              >
                Курсы операторов
              </a>
            </li>
            <li
              class="footer__item"
            >
              <a
                class="link"
                href="/"
              >
                Блог
              </a>
            </li>
            <li
              class="footer__item"
            >
              <a
                class="link"
                href="/"
              >
                Сообщество
              </a>
            </li>
          </ul>
        </li>
        <li
          class="footer__nav-item"
        >
          <p
            class="footer__title"
          >
            Поддержка
          </p>
          <ul
            class="footer__list"
          >
            <li
              class="footer__item"
            >
              <a
                class="link"
                href="/"
              >
                FAQ
              </a>
            </li>
            <li
              class="footer__item"
            >
              <a
                class="link"
                href="/"
              >
                Задать вопрос
              </a>
            </li>
          </ul>
        </li>
      </ul>
    </div>
  </footer>
</div>
`;
