// Jest Snapshot v1, https://goo.gl/fbAQLP

exports[`Component: SimilarProducts should render correctly 1`] = `
<div>
  <section
    class="product-similar"
  />
</div>
`;
